../Core/Src/main.c:69:13:ADC1_Select_CH4	24	static
../Core/Src/main.c:82:13:ADC1_Select_CH9	24	static
../Core/Src/main.c:96:13:ADC1_Select_CH5	24	static
../Core/Src/main.c:110:13:ADC1_Select_CH8	24	static
../Core/Src/main.c:123:10:measure_dist	32	static
../Core/Src/main.c:183:5:main	8	static
../Core/Src/main.c:231:6:SystemClock_Config	88	static
../Core/Src/main.c:278:13:MX_ADC1_Init	24	static
../Core/Src/main.c:325:13:MX_GPIO_Init	40	static
../Core/Src/main.c:358:6:Error_Handler	4	static,ignoring_inline_asm
